[sandboxels.r74n.com/index.html]
[backblue.gif]
[fade.gif]
[index.html]
[sandboxels.r74n.com/icons/apple-touch-icon5e1f.png]
[sandboxels.r74n.com/icons/favicon-32x325e1f.png]
[sandboxels.r74n.com/icons/favicon-16x165e1f.png]
[sandboxels.r74n.com/manifest.json]
[sandboxels.r74n.com/icons/safari-pinned-tab5e1f.svg]
[sandboxels.r74n.com/icons/favicon5e1f.ico]
[sandboxels.r74n.com/help.html]
[sandboxels.r74n.com/license.txt]
[sandboxels.r74n.com/icons/wallpaper.png]
[sandboxels.r74n.com/icons/card.png]
[sandboxels.r74n.com/service-worker.js]
[sandboxels.r74n.com/Sandboxels is developed by R74n and can be played on the official website_ https_/sandboxels.R74n.com/index.html]
[sandboxels.r74n.com/mods/fools.js]
[sandboxels.r74n.com/GET]
[sandboxels.r74n.com/sandboxels-screenshot.png]
[sandboxels.r74n.com/style30d7.css]
[sandboxels.r74n.com/mods/index.html]
[sandboxels.r74n.com/changelog.html]
[sandboxels.r74n.com/image/index.html]
[sandboxels.r74n.com/feedback.html]
[sandboxels.r74n.com/mod-list.html]
[sandboxels.r74n.com/translate.html]
[sandboxels.r74n.com/icons/wallpaper.webp]
[sandboxels.r74n.com/education-use.html]
[sandboxels.r74n.com/tips.html]
[sandboxels.r74n.com/mobile-use.html]
[sandboxels.r74n.com/offline-use.html]
[sandboxels.r74n.com/index.html]
[sandboxels.r74n.com/icons/safari-pinned-tab5e1f.svg]
[sandboxels.r74n.com/controls.html]
[sandboxels.r74n.com/help.html]
[sandboxels.r74n.com/Sandboxels is developed by R74n and can be played on the official website_ https_/sandboxels.R74n.com/index.html]
[sandboxels.r74n.com/GET.html]
[sandboxels.r74n.com/mods/index.html]
[sandboxels.r74n.com/image/index.html]
[sandboxels.r74n.com/sandboxels-screenshot.html]
[sandboxels.r74n.com/style5a25.css]
[sandboxels.r74n.com/style30d7.css]
[sandboxels.r74n.com/changelog.html]
[sandboxels.r74n.com/feedback.html]
[sandboxels.r74n.com/changelog.txt]
[sandboxels.r74n.com/fonts/PressStart2P-Regular.ttf]
[sandboxels.r74n.com/mods/example_mod.js]
[sandboxels.r74n.com/mod-list.html]
[sandboxels.r74n.com/translate.html]
[sandboxels.r74n.com/education-use.html]
[sandboxels.r74n.com/tips.html]
[sandboxels.r74n.com/mobile-use.html]
[sandboxels.r74n.com/offline-use.html]
[sandboxels.r74n.com/controls.html]
[sandboxels.r74n.com/style5a25.css]
[pagead2.googlesyndication.com/pagead/js/adsbygooglee1b0.js]
[securepubads.g.doubleclick.net/tag/js/gpt.js]
